npm warn Unknown env config "http-proxy". This will stop working in the next major version of npm.

> localvision-player@3.0.0 test
> node --test --test-concurrency=1 tests/*.test.cjs

✔ JSON D1 quota preserves HTTP status, endpoint, Retry-After and Ray ID (6.076823ms)
✔ plain text and HTML D1 errors are classified without losing HTTP evidence (1.618204ms)
✔ Workers 1027 request quota is distinguished from D1 row quota (0.638331ms)
✔ unknown HTML server failure is not invented as a quota error (0.870961ms)
✔ HTTP 200 HTML, null, array, string, boolean and empty bodies are invalid (3.34945ms)
✔ HTML 404 keeps compatibility fallback possible without a global cooldown (0.553301ms)
✔ normal data containing old quota logs is accepted (0.476533ms)
✔ rate limit honors HTTP-date Retry-After and bounds excessive delays (0.720594ms)
✔ truncated body keeps status rather than reporting an unknown format error (2.111487ms)
✔ tests/app.test.cjs (70.871627ms)
✔ 100 coordinators run 28,800 regular requests in 24 hours, with no legacy polling timer (1550.1592ms)
✔ coordinator has one in-flight request; multiple urgent events coalesce, reserve never consumes regular budget (6.928777ms)
✔ quota cooldown survives reload and cold offline boot still has a bounded retry timer (1.560348ms)
✔ two page instances cannot both acquire the same persistent installation lease (1.005271ms)
✔ first LEFT and first RIGHT are downloaded before the remainder of LEFT (64.276356ms)
✔ real lane error reports immediately, then quarantines only that file; right continues (39.065424ms)
✔ late completion from an obsolete download cannot replace the latest playlist (39.229597ms)
✔ 100 persistent player identities stay within 80,500 budgeted API attempts/day, including failures and reloads (420.682225ms)
✔ budget resets on next UTC day and routes do not consume each other’s allowance (3.089947ms)
✔ chunk SHA-256 matches independent Node hashes at boundaries (35.295432ms)
✔ truncated and same-length corrupt files fail origin verification (3.885968ms)
✔ tampered manifest revision and malformed chunk counts are rejected (2.847355ms)
✔ verified downloads are reused without fetching unchanged bytes (9.35073ms)
✔ corrupt existing cache is repaired only for affected file (4.970301ms)
✔ bad origin bytes retry at most twice and never enter committed cache (4.025071ms)
✔ legacy receipt is local-only, and corruption is detected after restart (5.221198ms)
✔ new revision never overwrites retained old revision (4.420728ms)
✔ ready current content bypasses a pending background download (6.382898ms)
✔ storage quota failure cannot falsely mark file ready (3.102856ms)
✔ atomic journal retains current bundle on failed update and survives restart (1.840623ms)
✔ volatile journal storage is refused and explicit empty bundles are valid (1.0955ms)
✔ legacy WebView SHA-256 fallback agrees with native implementation (89.671026ms)
✔ left and right use their own waiting artwork during preparation and startup (6.149032ms)
✔ video preparation replaces a retained playlist image with its lane artwork (3.59175ms)
✔ pending video stays transparent with an explicit logo poster and no controls (1.681844ms)
✔ confirmed playback with current data reveals video before the progress poll (2.015547ms)
✔ play notification without current data cannot reveal the waiting surface (2.12596ms)
✔ rejected autoplay remains hidden and retains bounded recovery (4.609527ms)
✔ stale playback callback cannot reveal a replaced video (2.559444ms)
✔ successful retry is not marked as a 15-second failure (2.782147ms)
✔ two lanes run and replace videos without more than two decoder allocations (32.314456ms)
✔ stalled first frame is detected, then bounded retry and quarantine (3.343699ms)
✔ duplicate callbacks from one attempt count as one failure (3.661434ms)
✔ actual completion resets historical failures (2.420278ms)
✔ notice / black mode pause removes decoders and does not count failures (2.338076ms)
✔ a late old callback cannot fail the new content (1.476291ms)
✔ metadata duration never skips an unstarted video silently (1.162016ms)
✔ HTTP success without acknowledgement preserves the outbox (1.356172ms)
✔ flush acknowledges only sent IDs and preserves concurrently queued records (0.851455ms)
✔ partial acknowledgements preserve failed entries (0.862526ms)
✔ network outage does not discard durable events (0.906268ms)
✔ storage failure is visible and does not erase in-memory events (0.893118ms)
✔ outbox is bounded and reports dropped records (1.035221ms)
✔ empty playlist cancels the former video (1.240008ms)
✔ 72-hour accelerated two-lane transition simulation keeps bounded resources (57305.336952ms)
✔ progress that stops after playback begins triggers stall recovery (5.336723ms)
✔ one lane exclusion never prevents the same content in the other lane (2.579192ms)
✔ hung source resolution reaches a bounded recovery deadline (1.236175ms)
✔ removed image poster is discarded when playlist becomes empty (1.625811ms)
✔ short video ending before the polling interval can complete (2.172096ms)
✔ manual flush and new errors cannot bypass server retry-after (4.176408ms)
✔ previous navigation branch fails the same redirected-response check (6.020836ms)
✔ redirected cached HTML is normalized for a manual navigation (3.13678ms)
✔ first install normalizes redirected document before activation (2.096275ms)
✔ HTML response drops stale transport compression and length (1.352704ms)
✔ cache access failure falls back to normalized network HTML (1.788666ms)
✔ missing cached HTML follows the hosting redirect safely (1.58665ms)
✔ offline with installed HTML continues using local document (1.591173ms)
✔ offline without readable cache returns a local recovery document (2.024928ms)
✔ failed network HTTP status is not promoted to normal Player HTML (1.955641ms)
✔ activation removes only old application caches and keeps media (1.872266ms)
✔ cache cleanup failure does not prevent new worker control (0.835787ms)
✔ API and version lookups remain outside document caching (0.824886ms)
✔ error, opaque, partial and non-HTML responses cannot become Player documents (1.811372ms)
✔ failed install cannot activate an incompletely cached application (1.107325ms)
✔ unexpected cross-origin network document returns recovery HTML (1.065347ms)
✔ asset cache write failure still returns the successful network response (1.366546ms)
✔ full v3 boot uses a CORS-simple sync only and starts both lanes with sealed cached files (51.254094ms)
✔ unchanged regular sync downloads no manifest or media and does not reset lane playback (23.175285ms)
✔ local health and stage changes cannot create more polling timers (54.703266ms)
✔ left-only playlist update preserves right bytes and generation except normal completions (27.618959ms)
✔ reorder reuses all cached files with zero media GETs (30.381547ms)
✔ replacement downloads only new originals and logically removes old files (32.952402ms)
✔ valid empty publication excludes content; missing/failed response retains cached playback (17.511606ms)
✔ explicit delete is removed from live lane, active/previous journal and local schedule (33.174037ms)
✔ offline replay remains independent and uses zero media downloads after first preparation (228.478778ms)
✔ same-origin restart restores healthy cached playback even without the server (29.121829ms)
✔ bad expected digest never commits partial data; unaffected right continues (24.85913ms)
✔ notice and black mode preserve separate suspension ownership (21.154972ms)
✔ first fault / exclusion / same-file recovery survive persistence; duplicate attempt not counted twice (1.167881ms)
✔ repeat failures aggregate without new detailed samples or first-fault events (0.409955ms)
✔ ten-sample cap persists after acknowledgements; faults remain visible (1.534462ms)
✔ active fault does not expire with seven-day detailed log retention (0.194356ms)
✔ identical name, different asset version or lane retain separate error state (0.200825ms)
✔ tombstones survive old manifest and cannot be erased by an empty or older deletion list (0.237915ms)
✔ selected right permission stays cached offline, empty or invalid selection is denied (0.190657ms)
✔ received immediate black expiry is locally honored without a server call (0.197134ms)
✔ overnight playlist uses start-day semantics (20.496329ms)
✔ remote refresh executes once, preserves media, and keeps its command id (36.835227ms)
✔ native screenshot is requested once and is not falsely acknowledged as stored (18.389658ms)
✔ missing bridge reports unsupported without retrying the same screenshot command forever (17.965622ms)
ℹ tests 101
ℹ suites 0
ℹ pass 101
ℹ fail 0
ℹ cancelled 0
ℹ skipped 0
ℹ todo 0
ℹ duration_ms 61250.410445
